// Jest Snapshot v1, https://goo.gl/fbAQLP

exports[`Pruebas en <GifItem /> debe hacer match con el snapshot 1`] = `
<div>
  <div
    class="card"
  >
    <img
      alt="one punch"
      src="https://onepunch.com/saitama.jpg"
    />
    <p>
      one punch
    </p>
  </div>
</div>
`;
